// Jest Snapshot v1, https://goo.gl/fbAQLP

exports[`App render without crashing 1`] = `
<div
  className="App"
>
  <div
    className="container"
  >
    <div
      className="row align-items-center justify-content-center"
    >
      <div
        className="sm-12 md-8 lg-6"
      >
        <h1>
          Inoue Hai Kihon Competition
        </h1>
        <ScoreBoard
          score={
            Array [
              Object {
                "name": "A",
                "score": 0,
              },
              Object {
                "name": "B",
                "score": 0,
              },
              Object {
                "name": "C",
                "score": 0,
              },
              Object {
                "name": "D",
                "score": 0,
              },
              Object {
                "name": "E",
                "score": 0,
              },
            ]
          }
        />
        <hr />
        <MatchSheet
          changeColor={[Function]}
          fights={
            Array [
              Object {
                "id": 1,
                "kata": "",
                "kihon": "",
                "suburi": "",
                "team1": Object {
                  "color": "red",
                  "name": "A",
                },
                "team2": Object {
                  "color": "white",
                  "name": "B",
                },
              },
              Object {
                "id": 2,
                "kata": "",
                "kihon": "",
                "suburi": "",
                "team1": Object {
                  "color": "red",
                  "name": "A",
                },
                "team2": Object {
                  "color": "white",
                  "name": "C",
                },
              },
              Object {
                "id": 3,
                "kata": "",
                "kihon": "",
                "suburi": "",
                "team1": Object {
                  "color": "red",
                  "name": "D",
                },
                "team2": Object {
                  "color": "white",
                  "name": "C",
                },
              },
              Object {
                "id": 4,
                "kata": "",
                "kihon": "",
                "suburi": "",
                "team1": Object {
                  "color": "red",
                  "name": "D",
                },
                "team2": Object {
                  "color": "white",
                  "name": "E",
                },
              },
              Object {
                "id": 5,
                "kata": "",
                "kihon": "",
                "suburi": "",
                "team1": Object {
                  "color": "red",
                  "name": "B",
                },
                "team2": Object {
                  "color": "white",
                  "name": "E",
                },
              },
            ]
          }
          resetResult={[Function]}
          setResult={[Function]}
        />
      </div>
    </div>
  </div>
</div>
`;
